[0.065s] DEBUG:colcon:Command line arguments: ['/usr/bin/colcon', 'build']
[0.065s] DEBUG:colcon:Parsed command line arguments: Namespace(log_base=None, log_level=None, verb_name='build', build_base='build', install_base='install', merge_install=False, symlink_install=False, test_result_base=None, continue_on_error=False, executor='parallel', parallel_workers=16, event_handlers=None, ignore_user_meta=False, metas=['./colcon.meta'], base_paths=['.'], packages_ignore=None, packages_ignore_regex=None, paths=None, packages_up_to=None, packages_up_to_regex=None, packages_above=None, packages_above_and_dependencies=None, packages_above_depth=None, packages_select_by_dep=None, packages_skip_by_dep=None, packages_skip_up_to=None, packages_select_build_failed=False, packages_skip_build_finished=False, packages_select_test_failures=False, packages_skip_test_passed=False, packages_select=None, packages_skip=None, packages_select_regex=None, packages_skip_regex=None, packages_start=None, packages_end=None, allow_overriding=[], cmake_args=None, cmake_target=None, cmake_target_skip_unavailable=False, cmake_clean_cache=False, cmake_clean_first=False, cmake_force_configure=False, ament_cmake_args=None, catkin_cmake_args=None, catkin_skip_building_tests=False, verb_parser=<colcon_defaults.argument_parser.defaults.DefaultArgumentsDecorator object at 0x7b0638247680>, verb_extension=<colcon_core.verb.build.BuildVerb object at 0x7b0638247170>, main=<bound method BuildVerb.main of <colcon_core.verb.build.BuildVerb object at 0x7b0638247170>>)
[0.088s] Level 1:colcon.colcon_core.package_discovery:discover_packages(colcon_meta) check parameters
[0.088s] Level 1:colcon.colcon_core.package_discovery:discover_packages(recursive) check parameters
[0.088s] Level 1:colcon.colcon_core.package_discovery:discover_packages(ignore) check parameters
[0.088s] Level 1:colcon.colcon_core.package_discovery:discover_packages(path) check parameters
[0.088s] Level 1:colcon.colcon_core.package_discovery:discover_packages(colcon_meta) discover
[0.088s] Level 1:colcon.colcon_core.package_discovery:discover_packages(recursive) discover
[0.088s] INFO:colcon.colcon_core.package_discovery:Crawling recursively for packages in '/media/khaled-ahmed-elwan/DATA/car_robot_ws'
[0.088s] Level 1:colcon.colcon_core.package_identification:_identify(.) by extensions ['ignore', 'ignore_ament_install']
[0.088s] Level 1:colcon.colcon_core.package_identification:_identify(.) by extension 'ignore'
[0.089s] Level 1:colcon.colcon_core.package_identification:_identify(.) by extension 'ignore_ament_install'
[0.089s] Level 1:colcon.colcon_core.package_identification:_identify(.) by extensions ['colcon_pkg']
[0.089s] Level 1:colcon.colcon_core.package_identification:_identify(.) by extension 'colcon_pkg'
[0.089s] Level 1:colcon.colcon_core.package_identification:_identify(.) by extensions ['colcon_meta']
[0.089s] Level 1:colcon.colcon_core.package_identification:_identify(.) by extension 'colcon_meta'
[0.089s] Level 1:colcon.colcon_core.package_identification:_identify(.) by extensions ['ros']
[0.089s] Level 1:colcon.colcon_core.package_identification:_identify(.) by extension 'ros'
[0.103s] Level 1:colcon.colcon_core.package_identification:_identify(.) by extensions ['cmake', 'python']
[0.104s] Level 1:colcon.colcon_core.package_identification:_identify(.) by extension 'cmake'
[0.104s] Level 1:colcon.colcon_core.package_identification:_identify(.) by extension 'python'
[0.104s] Level 1:colcon.colcon_core.package_identification:_identify(.) by extensions ['python_setup_py']
[0.104s] Level 1:colcon.colcon_core.package_identification:_identify(.) by extension 'python_setup_py'
[0.104s] Level 1:colcon.colcon_core.package_identification:_identify(build) by extensions ['ignore', 'ignore_ament_install']
[0.104s] Level 1:colcon.colcon_core.package_identification:_identify(build) by extension 'ignore'
[0.104s] Level 1:colcon.colcon_core.package_identification:_identify(build) ignored
[0.104s] Level 1:colcon.colcon_core.package_identification:_identify(install) by extensions ['ignore', 'ignore_ament_install']
[0.104s] Level 1:colcon.colcon_core.package_identification:_identify(install) by extension 'ignore'
[0.104s] Level 1:colcon.colcon_core.package_identification:_identify(install) ignored
[0.104s] Level 1:colcon.colcon_core.package_identification:_identify(log) by extensions ['ignore', 'ignore_ament_install']
[0.104s] Level 1:colcon.colcon_core.package_identification:_identify(log) by extension 'ignore'
[0.104s] Level 1:colcon.colcon_core.package_identification:_identify(log) ignored
[0.104s] Level 1:colcon.colcon_core.package_identification:_identify(scr) by extensions ['ignore', 'ignore_ament_install']
[0.104s] Level 1:colcon.colcon_core.package_identification:_identify(scr) by extension 'ignore'
[0.104s] Level 1:colcon.colcon_core.package_identification:_identify(scr) by extension 'ignore_ament_install'
[0.105s] Level 1:colcon.colcon_core.package_identification:_identify(scr) by extensions ['colcon_pkg']
[0.105s] Level 1:colcon.colcon_core.package_identification:_identify(scr) by extension 'colcon_pkg'
[0.105s] Level 1:colcon.colcon_core.package_identification:_identify(scr) by extensions ['colcon_meta']
[0.105s] Level 1:colcon.colcon_core.package_identification:_identify(scr) by extension 'colcon_meta'
[0.105s] Level 1:colcon.colcon_core.package_identification:_identify(scr) by extensions ['ros']
[0.105s] Level 1:colcon.colcon_core.package_identification:_identify(scr) by extension 'ros'
[0.105s] Level 1:colcon.colcon_core.package_identification:_identify(scr) by extensions ['cmake', 'python']
[0.105s] Level 1:colcon.colcon_core.package_identification:_identify(scr) by extension 'cmake'
[0.105s] Level 1:colcon.colcon_core.package_identification:_identify(scr) by extension 'python'
[0.105s] Level 1:colcon.colcon_core.package_identification:_identify(scr) by extensions ['python_setup_py']
[0.105s] Level 1:colcon.colcon_core.package_identification:_identify(scr) by extension 'python_setup_py'
[0.105s] Level 1:colcon.colcon_core.package_identification:_identify(scr/ps4_robot_control) by extensions ['ignore', 'ignore_ament_install']
[0.105s] Level 1:colcon.colcon_core.package_identification:_identify(scr/ps4_robot_control) by extension 'ignore'
[0.105s] Level 1:colcon.colcon_core.package_identification:_identify(scr/ps4_robot_control) by extension 'ignore_ament_install'
[0.105s] Level 1:colcon.colcon_core.package_identification:_identify(scr/ps4_robot_control) by extensions ['colcon_pkg']
[0.105s] Level 1:colcon.colcon_core.package_identification:_identify(scr/ps4_robot_control) by extension 'colcon_pkg'
[0.105s] Level 1:colcon.colcon_core.package_identification:_identify(scr/ps4_robot_control) by extensions ['colcon_meta']
[0.105s] Level 1:colcon.colcon_core.package_identification:_identify(scr/ps4_robot_control) by extension 'colcon_meta'
[0.105s] Level 1:colcon.colcon_core.package_identification:_identify(scr/ps4_robot_control) by extensions ['ros']
[0.105s] Level 1:colcon.colcon_core.package_identification:_identify(scr/ps4_robot_control) by extension 'ros'
[0.110s] DEBUG:colcon.colcon_core.package_identification:Package 'scr/ps4_robot_control' with type 'ros.ament_python' and name 'ps4_robot_control'
[0.110s] Level 1:colcon.colcon_core.package_discovery:discover_packages(recursive) using defaults
[0.110s] Level 1:colcon.colcon_core.package_discovery:discover_packages(ignore) discover
[0.110s] Level 1:colcon.colcon_core.package_discovery:discover_packages(ignore) using defaults
[0.110s] Level 1:colcon.colcon_core.package_discovery:discover_packages(path) discover
[0.110s] Level 1:colcon.colcon_core.package_discovery:discover_packages(path) using defaults
[0.121s] Level 1:colcon.colcon_core.package_discovery:discover_packages(prefix_path) check parameters
[0.121s] Level 1:colcon.colcon_core.package_discovery:discover_packages(prefix_path) discover
[0.122s] DEBUG:colcon.colcon_installed_package_information.package_discovery:Found 0 installed packages in /media/khaled-ahmed-elwan/DATA/car_robot_ws/install
[0.123s] DEBUG:colcon.colcon_installed_package_information.package_discovery:Found 1 installed packages in /media/khaled-ahmed-elwan/DATA/ros2_ws/install
[0.124s] DEBUG:colcon.colcon_installed_package_information.package_discovery:Found 408 installed packages in /opt/ros/jazzy
[0.124s] Level 1:colcon.colcon_core.package_discovery:discover_packages(prefix_path) using defaults
[0.152s] Level 5:colcon.colcon_core.verb:set package 'ps4_robot_control' build argument 'cmake_args' from command line to 'None'
[0.153s] Level 5:colcon.colcon_core.verb:set package 'ps4_robot_control' build argument 'cmake_target' from command line to 'None'
[0.153s] Level 5:colcon.colcon_core.verb:set package 'ps4_robot_control' build argument 'cmake_target_skip_unavailable' from command line to 'False'
[0.153s] Level 5:colcon.colcon_core.verb:set package 'ps4_robot_control' build argument 'cmake_clean_cache' from command line to 'False'
[0.153s] Level 5:colcon.colcon_core.verb:set package 'ps4_robot_control' build argument 'cmake_clean_first' from command line to 'False'
[0.153s] Level 5:colcon.colcon_core.verb:set package 'ps4_robot_control' build argument 'cmake_force_configure' from command line to 'False'
[0.153s] Level 5:colcon.colcon_core.verb:set package 'ps4_robot_control' build argument 'ament_cmake_args' from command line to 'None'
[0.153s] Level 5:colcon.colcon_core.verb:set package 'ps4_robot_control' build argument 'catkin_cmake_args' from command line to 'None'
[0.153s] Level 5:colcon.colcon_core.verb:set package 'ps4_robot_control' build argument 'catkin_skip_building_tests' from command line to 'False'
[0.153s] DEBUG:colcon.colcon_core.verb:Building package 'ps4_robot_control' with the following arguments: {'ament_cmake_args': None, 'build_base': '/media/khaled-ahmed-elwan/DATA/car_robot_ws/build/ps4_robot_control', 'catkin_cmake_args': None, 'catkin_skip_building_tests': False, 'cmake_args': None, 'cmake_clean_cache': False, 'cmake_clean_first': False, 'cmake_force_configure': False, 'cmake_target': None, 'cmake_target_skip_unavailable': False, 'install_base': '/media/khaled-ahmed-elwan/DATA/car_robot_ws/install/ps4_robot_control', 'merge_install': False, 'path': '/media/khaled-ahmed-elwan/DATA/car_robot_ws/scr/ps4_robot_control', 'symlink_install': False, 'test_result_base': None}
[0.153s] INFO:colcon.colcon_core.executor:Executing jobs using 'parallel' executor
[0.154s] DEBUG:colcon.colcon_parallel_executor.executor.parallel:run_until_complete
[0.154s] INFO:colcon.colcon_ros.task.ament_python.build:Building ROS package in '/media/khaled-ahmed-elwan/DATA/car_robot_ws/scr/ps4_robot_control' with build type 'ament_python'
[0.154s] Level 1:colcon.colcon_core.shell:create_environment_hook('ps4_robot_control', 'ament_prefix_path')
[0.155s] INFO:colcon.colcon_core.plugin_system:Skipping extension 'colcon_core.shell.bat': Not used on non-Windows systems
[0.155s] INFO:colcon.colcon_core.shell:Creating environment hook '/media/khaled-ahmed-elwan/DATA/car_robot_ws/install/ps4_robot_control/share/ps4_robot_control/hook/ament_prefix_path.ps1'
[0.156s] INFO:colcon.colcon_core.shell:Creating environment descriptor '/media/khaled-ahmed-elwan/DATA/car_robot_ws/install/ps4_robot_control/share/ps4_robot_control/hook/ament_prefix_path.dsv'
[0.157s] INFO:colcon.colcon_core.shell:Creating environment hook '/media/khaled-ahmed-elwan/DATA/car_robot_ws/install/ps4_robot_control/share/ps4_robot_control/hook/ament_prefix_path.sh'
[0.158s] INFO:colcon.colcon_core.shell:Skip shell extension 'powershell' for command environment: Not usable outside of PowerShell
[0.158s] DEBUG:colcon.colcon_core.shell:Skip shell extension 'dsv' for command environment
[0.296s] INFO:colcon.colcon_core.task.python.build:Building Python package in '/media/khaled-ahmed-elwan/DATA/car_robot_ws/scr/ps4_robot_control'
[0.297s] INFO:colcon.colcon_core.shell:Skip shell extension 'powershell' for command environment: Not usable outside of PowerShell
[0.297s] DEBUG:colcon.colcon_core.shell:Skip shell extension 'dsv' for command environment
[0.761s] DEBUG:colcon.colcon_core.task.python.build:Available setuptools commands: install_lib, bdist_egg, install_egg_info, install, init_catalog, build_scripts, rotate, saveopts, sdist, check, register, develop, build_py, install_data, upload, install_scripts, dist_info, install_headers, clean, upload_docs, isort, alias, test, compile_catalog, build, bdist, update_catalog, egg_info, bdist_dumb, bdist_rpm, easy_install, editable_wheel, bdist_wheel, extract_messages, build_ext, build_clib, symlink_data, setopt
[0.764s] DEBUG:colcon.colcon_core.event_handler.log_command:Invoking command in '/media/khaled-ahmed-elwan/DATA/car_robot_ws/scr/ps4_robot_control': DEBUGINFOD_URLS=https://debuginfod.ubuntu.com PYTHONPATH=/media/khaled-ahmed-elwan/DATA/car_robot_ws/build/ps4_robot_control/prefix_override:/usr/lib/python3/dist-packages/colcon_core/task/python/colcon_distutils_commands:/media/khaled-ahmed-elwan/DATA/car_robot_ws/install/ps4_robot_control/lib/python3.12/site-packages:${PYTHONPATH} /usr/bin/python3 -W ignore:setup.py install is deprecated -W ignore:easy_install command is deprecated setup.py egg_info --egg-base ../../build/ps4_robot_control build --build-base /media/khaled-ahmed-elwan/DATA/car_robot_ws/build/ps4_robot_control/build install --record /media/khaled-ahmed-elwan/DATA/car_robot_ws/build/ps4_robot_control/install.log --install-scripts $base/lib/ps4_robot_control --single-version-externally-managed install_data
[1.081s] DEBUG:colcon.colcon_core.event_handler.log_command:Invoked command in '/media/khaled-ahmed-elwan/DATA/car_robot_ws/scr/ps4_robot_control' returned '0': DEBUGINFOD_URLS=https://debuginfod.ubuntu.com PYTHONPATH=/media/khaled-ahmed-elwan/DATA/car_robot_ws/build/ps4_robot_control/prefix_override:/usr/lib/python3/dist-packages/colcon_core/task/python/colcon_distutils_commands:/media/khaled-ahmed-elwan/DATA/car_robot_ws/install/ps4_robot_control/lib/python3.12/site-packages:${PYTHONPATH} /usr/bin/python3 -W ignore:setup.py install is deprecated -W ignore:easy_install command is deprecated setup.py egg_info --egg-base ../../build/ps4_robot_control build --build-base /media/khaled-ahmed-elwan/DATA/car_robot_ws/build/ps4_robot_control/build install --record /media/khaled-ahmed-elwan/DATA/car_robot_ws/build/ps4_robot_control/install.log --install-scripts $base/lib/ps4_robot_control --single-version-externally-managed install_data
[1.090s] Level 1:colcon.colcon_core.environment:checking '/media/khaled-ahmed-elwan/DATA/car_robot_ws/install/ps4_robot_control' for CMake module files
[1.091s] Level 1:colcon.colcon_core.environment:checking '/media/khaled-ahmed-elwan/DATA/car_robot_ws/install/ps4_robot_control' for CMake config files
[1.092s] Level 1:colcon.colcon_core.environment:checking '/media/khaled-ahmed-elwan/DATA/car_robot_ws/install/ps4_robot_control/lib'
[1.092s] Level 1:colcon.colcon_core.environment:checking '/media/khaled-ahmed-elwan/DATA/car_robot_ws/install/ps4_robot_control/bin'
[1.093s] Level 1:colcon.colcon_core.environment:checking '/media/khaled-ahmed-elwan/DATA/car_robot_ws/install/ps4_robot_control/lib/pkgconfig/ps4_robot_control.pc'
[1.093s] Level 1:colcon.colcon_core.environment:checking '/media/khaled-ahmed-elwan/DATA/car_robot_ws/install/ps4_robot_control/lib/python3.12/site-packages'
[1.093s] Level 1:colcon.colcon_core.shell:create_environment_hook('ps4_robot_control', 'pythonpath')
[1.093s] INFO:colcon.colcon_core.shell:Creating environment hook '/media/khaled-ahmed-elwan/DATA/car_robot_ws/install/ps4_robot_control/share/ps4_robot_control/hook/pythonpath.ps1'
[1.093s] INFO:colcon.colcon_core.shell:Creating environment descriptor '/media/khaled-ahmed-elwan/DATA/car_robot_ws/install/ps4_robot_control/share/ps4_robot_control/hook/pythonpath.dsv'
[1.094s] INFO:colcon.colcon_core.shell:Creating environment hook '/media/khaled-ahmed-elwan/DATA/car_robot_ws/install/ps4_robot_control/share/ps4_robot_control/hook/pythonpath.sh'
[1.094s] Level 1:colcon.colcon_core.environment:checking '/media/khaled-ahmed-elwan/DATA/car_robot_ws/install/ps4_robot_control/bin'
[1.094s] Level 1:colcon.colcon_core.environment:create_environment_scripts_only(ps4_robot_control)
[1.094s] INFO:colcon.colcon_core.shell:Creating package script '/media/khaled-ahmed-elwan/DATA/car_robot_ws/install/ps4_robot_control/share/ps4_robot_control/package.ps1'
[1.095s] INFO:colcon.colcon_core.shell:Creating package descriptor '/media/khaled-ahmed-elwan/DATA/car_robot_ws/install/ps4_robot_control/share/ps4_robot_control/package.dsv'
[1.096s] INFO:colcon.colcon_core.shell:Creating package script '/media/khaled-ahmed-elwan/DATA/car_robot_ws/install/ps4_robot_control/share/ps4_robot_control/package.sh'
[1.097s] INFO:colcon.colcon_core.shell:Creating package script '/media/khaled-ahmed-elwan/DATA/car_robot_ws/install/ps4_robot_control/share/ps4_robot_control/package.bash'
[1.098s] INFO:colcon.colcon_core.shell:Creating package script '/media/khaled-ahmed-elwan/DATA/car_robot_ws/install/ps4_robot_control/share/ps4_robot_control/package.zsh'
[1.098s] Level 1:colcon.colcon_core.environment:create_file_with_runtime_dependencies(/media/khaled-ahmed-elwan/DATA/car_robot_ws/install/ps4_robot_control/share/colcon-core/packages/ps4_robot_control)
[1.098s] DEBUG:colcon.colcon_parallel_executor.executor.parallel:closing loop
[1.099s] DEBUG:colcon.colcon_parallel_executor.executor.parallel:loop closed
[1.099s] DEBUG:colcon.colcon_parallel_executor.executor.parallel:run_until_complete finished with '0'
[1.099s] DEBUG:colcon.colcon_core.event_reactor:joining thread
[1.104s] INFO:colcon.colcon_core.plugin_system:Skipping extension 'colcon_notification.desktop_notification.terminal_notifier': Not used on non-Darwin systems
[1.104s] INFO:colcon.colcon_core.plugin_system:Skipping extension 'colcon_notification.desktop_notification.win32': Not used on non-Windows systems
[1.104s] INFO:colcon.colcon_notification.desktop_notification:Sending desktop notification using 'notify2'
[1.114s] DEBUG:colcon.colcon_core.event_reactor:joined thread
[1.114s] INFO:colcon.colcon_core.shell:Creating prefix script '/media/khaled-ahmed-elwan/DATA/car_robot_ws/install/local_setup.ps1'
[1.115s] INFO:colcon.colcon_core.shell:Creating prefix util module '/media/khaled-ahmed-elwan/DATA/car_robot_ws/install/_local_setup_util_ps1.py'
[1.115s] INFO:colcon.colcon_core.shell:Creating prefix chain script '/media/khaled-ahmed-elwan/DATA/car_robot_ws/install/setup.ps1'
[1.116s] INFO:colcon.colcon_core.shell:Creating prefix script '/media/khaled-ahmed-elwan/DATA/car_robot_ws/install/local_setup.sh'
[1.117s] INFO:colcon.colcon_core.shell:Creating prefix util module '/media/khaled-ahmed-elwan/DATA/car_robot_ws/install/_local_setup_util_sh.py'
[1.117s] INFO:colcon.colcon_core.shell:Creating prefix chain script '/media/khaled-ahmed-elwan/DATA/car_robot_ws/install/setup.sh'
[1.118s] INFO:colcon.colcon_core.shell:Creating prefix script '/media/khaled-ahmed-elwan/DATA/car_robot_ws/install/local_setup.bash'
[1.118s] INFO:colcon.colcon_core.shell:Creating prefix chain script '/media/khaled-ahmed-elwan/DATA/car_robot_ws/install/setup.bash'
[1.119s] INFO:colcon.colcon_core.shell:Creating prefix script '/media/khaled-ahmed-elwan/DATA/car_robot_ws/install/local_setup.zsh'
[1.119s] INFO:colcon.colcon_core.shell:Creating prefix chain script '/media/khaled-ahmed-elwan/DATA/car_robot_ws/install/setup.zsh'
