running egg_info
creating ../../build/ps4_robot_control/ps4_robot_control.egg-info
writing ../../build/ps4_robot_control/ps4_robot_control.egg-info/PKG-INFO
writing dependency_links to ../../build/ps4_robot_control/ps4_robot_control.egg-info/dependency_links.txt
writing requirements to ../../build/ps4_robot_control/ps4_robot_control.egg-info/requires.txt
writing top-level names to ../../build/ps4_robot_control/ps4_robot_control.egg-info/top_level.txt
writing manifest file '../../build/ps4_robot_control/ps4_robot_control.egg-info/SOURCES.txt'
reading manifest file '../../build/ps4_robot_control/ps4_robot_control.egg-info/SOURCES.txt'
writing manifest file '../../build/ps4_robot_control/ps4_robot_control.egg-info/SOURCES.txt'
running build
running build_py
creating /media/khaled-ahmed-elwan/DATA/car_robot_ws/build/ps4_robot_control/build
creating /media/khaled-ahmed-elwan/DATA/car_robot_ws/build/ps4_robot_control/build/lib
creating /media/khaled-ahmed-elwan/DATA/car_robot_ws/build/ps4_robot_control/build/lib/ps4_robot_control
copying ps4_robot_control/__init__.py -> /media/khaled-ahmed-elwan/DATA/car_robot_ws/build/ps4_robot_control/build/lib/ps4_robot_control
running install
running install_lib
creating /media/khaled-ahmed-elwan/DATA/car_robot_ws/install/ps4_robot_control/lib/python3.12/site-packages/ps4_robot_control
copying /media/khaled-ahmed-elwan/DATA/car_robot_ws/build/ps4_robot_control/build/lib/ps4_robot_control/__init__.py -> /media/khaled-ahmed-elwan/DATA/car_robot_ws/install/ps4_robot_control/lib/python3.12/site-packages/ps4_robot_control
byte-compiling /media/khaled-ahmed-elwan/DATA/car_robot_ws/install/ps4_robot_control/lib/python3.12/site-packages/ps4_robot_control/__init__.py to __init__.cpython-312.pyc
running install_data
creating /media/khaled-ahmed-elwan/DATA/car_robot_ws/install/ps4_robot_control/share/ament_index
creating /media/khaled-ahmed-elwan/DATA/car_robot_ws/install/ps4_robot_control/share/ament_index/resource_index
creating /media/khaled-ahmed-elwan/DATA/car_robot_ws/install/ps4_robot_control/share/ament_index/resource_index/packages
copying resource/ps4_robot_control -> /media/khaled-ahmed-elwan/DATA/car_robot_ws/install/ps4_robot_control/share/ament_index/resource_index/packages
copying package.xml -> /media/khaled-ahmed-elwan/DATA/car_robot_ws/install/ps4_robot_control/share/ps4_robot_control
running install_egg_info
Copying ../../build/ps4_robot_control/ps4_robot_control.egg-info to /media/khaled-ahmed-elwan/DATA/car_robot_ws/install/ps4_robot_control/lib/python3.12/site-packages/ps4_robot_control-0.0.0-py3.12.egg-info
running install_scripts
writing list of installed files to '/media/khaled-ahmed-elwan/DATA/car_robot_ws/build/ps4_robot_control/install.log'
