[0.609s] Invoking command in '/media/khaled-ahmed-elwan/DATA/car_robot_ws/scr/ps4_robot_control': DEBUGINFOD_URLS=https://debuginfod.ubuntu.com PYTHONPATH=/media/khaled-ahmed-elwan/DATA/car_robot_ws/build/ps4_robot_control/prefix_override:/usr/lib/python3/dist-packages/colcon_core/task/python/colcon_distutils_commands:/media/khaled-ahmed-elwan/DATA/car_robot_ws/install/ps4_robot_control/lib/python3.12/site-packages:${PYTHONPATH} /usr/bin/python3 -W ignore:setup.py install is deprecated -W ignore:easy_install command is deprecated setup.py egg_info --egg-base ../../build/ps4_robot_control build --build-base /media/khaled-ahmed-elwan/DATA/car_robot_ws/build/ps4_robot_control/build install --record /media/khaled-ahmed-elwan/DATA/car_robot_ws/build/ps4_robot_control/install.log --install-scripts $base/lib/ps4_robot_control --single-version-externally-managed install_data
[0.768s] running egg_info
[0.769s] creating ../../build/ps4_robot_control/ps4_robot_control.egg-info
[0.778s] writing ../../build/ps4_robot_control/ps4_robot_control.egg-info/PKG-INFO
[0.779s] writing dependency_links to ../../build/ps4_robot_control/ps4_robot_control.egg-info/dependency_links.txt
[0.779s] writing requirements to ../../build/ps4_robot_control/ps4_robot_control.egg-info/requires.txt
[0.779s] writing top-level names to ../../build/ps4_robot_control/ps4_robot_control.egg-info/top_level.txt
[0.779s] writing manifest file '../../build/ps4_robot_control/ps4_robot_control.egg-info/SOURCES.txt'
[0.801s] reading manifest file '../../build/ps4_robot_control/ps4_robot_control.egg-info/SOURCES.txt'
[0.802s] writing manifest file '../../build/ps4_robot_control/ps4_robot_control.egg-info/SOURCES.txt'
[0.802s] running build
[0.802s] running build_py
[0.802s] creating /media/khaled-ahmed-elwan/DATA/car_robot_ws/build/ps4_robot_control/build
[0.802s] creating /media/khaled-ahmed-elwan/DATA/car_robot_ws/build/ps4_robot_control/build/lib
[0.802s] creating /media/khaled-ahmed-elwan/DATA/car_robot_ws/build/ps4_robot_control/build/lib/ps4_robot_control
[0.802s] copying ps4_robot_control/__init__.py -> /media/khaled-ahmed-elwan/DATA/car_robot_ws/build/ps4_robot_control/build/lib/ps4_robot_control
[0.803s] running install
[0.807s] running install_lib
[0.818s] creating /media/khaled-ahmed-elwan/DATA/car_robot_ws/install/ps4_robot_control/lib/python3.12/site-packages/ps4_robot_control
[0.818s] copying /media/khaled-ahmed-elwan/DATA/car_robot_ws/build/ps4_robot_control/build/lib/ps4_robot_control/__init__.py -> /media/khaled-ahmed-elwan/DATA/car_robot_ws/install/ps4_robot_control/lib/python3.12/site-packages/ps4_robot_control
[0.819s] byte-compiling /media/khaled-ahmed-elwan/DATA/car_robot_ws/install/ps4_robot_control/lib/python3.12/site-packages/ps4_robot_control/__init__.py to __init__.cpython-312.pyc
[0.819s] running install_data
[0.819s] creating /media/khaled-ahmed-elwan/DATA/car_robot_ws/install/ps4_robot_control/share/ament_index
[0.819s] creating /media/khaled-ahmed-elwan/DATA/car_robot_ws/install/ps4_robot_control/share/ament_index/resource_index
[0.820s] creating /media/khaled-ahmed-elwan/DATA/car_robot_ws/install/ps4_robot_control/share/ament_index/resource_index/packages
[0.820s] copying resource/ps4_robot_control -> /media/khaled-ahmed-elwan/DATA/car_robot_ws/install/ps4_robot_control/share/ament_index/resource_index/packages
[0.820s] copying package.xml -> /media/khaled-ahmed-elwan/DATA/car_robot_ws/install/ps4_robot_control/share/ps4_robot_control
[0.820s] running install_egg_info
[0.832s] Copying ../../build/ps4_robot_control/ps4_robot_control.egg-info to /media/khaled-ahmed-elwan/DATA/car_robot_ws/install/ps4_robot_control/lib/python3.12/site-packages/ps4_robot_control-0.0.0-py3.12.egg-info
[0.835s] running install_scripts
[0.910s] writing list of installed files to '/media/khaled-ahmed-elwan/DATA/car_robot_ws/build/ps4_robot_control/install.log'
[0.926s] Invoked command in '/media/khaled-ahmed-elwan/DATA/car_robot_ws/scr/ps4_robot_control' returned '0': DEBUGINFOD_URLS=https://debuginfod.ubuntu.com PYTHONPATH=/media/khaled-ahmed-elwan/DATA/car_robot_ws/build/ps4_robot_control/prefix_override:/usr/lib/python3/dist-packages/colcon_core/task/python/colcon_distutils_commands:/media/khaled-ahmed-elwan/DATA/car_robot_ws/install/ps4_robot_control/lib/python3.12/site-packages:${PYTHONPATH} /usr/bin/python3 -W ignore:setup.py install is deprecated -W ignore:easy_install command is deprecated setup.py egg_info --egg-base ../../build/ps4_robot_control build --build-base /media/khaled-ahmed-elwan/DATA/car_robot_ws/build/ps4_robot_control/build install --record /media/khaled-ahmed-elwan/DATA/car_robot_ws/build/ps4_robot_control/install.log --install-scripts $base/lib/ps4_robot_control --single-version-externally-managed install_data
